
> fajr-brews-coffee-splitter@1.0.0 test
> vitest run


[7m[1m[36m RUN [39m[22m[27m [36mv1.6.0[39m [90mC:/Users/mzaka.ZAK-PC/Documents/Apps/Fajr Brews App[39m

 [32mΓ£ô[39m src/lib/calculations.test.ts [2m ([22m[2m10 tests[22m[2m)[22m[90m 3[2mms[22m[39m

[2m Test Files [22m [1m[32m1 passed[39m[22m[90m (1)[39m
[2m      Tests [22m [1m[32m10 passed[39m[22m[90m (10)[39m
[2m   Start at [22m 03:57:17
[2m   Duration [22m 552ms[2m (transform 43ms, setup 0ms, collect 48ms, tests 3ms, environment 0ms, prepare 209ms)[22m

